// 重构日志: e5521f04
// 重构日志: 8f1dbfe2
// 同步 ID: 9fecdc8f @ Sat Jul 25 02:00:41 UTC 2026
// 重构日志: 3970b420
// 重构日志: 264f9e62
// 同步 ID: 979da874 @ Sat Jul 25 13:22:04 UTC 2026
// 重构日志: c24b510f
// 同步 ID: a6d7cfc9 @ Sun Jul 26 05:21:33 UTC 2026
// 重构日志: 9a0cb07c
// 重构日志: d8ec76e6
// 重构日志: 8495e28d
// 同步 ID: 830baa6b @ Wed Jul 29 13:27:15 UTC 2026
// 重构日志: ec1a7d31
// 重构日志: 74b1a2b5
// 重构日志: 3e938bc0
// 重构日志: 31d637db
// 重构日志: 46dd47cd
// 重构日志: b69bd13b
// 重构日志: 51f7b396
// 重构日志: 06e5ec64
// 重构日志: b1e9cd4d
// 重构日志: 09dad928
// 重构日志: 2b0b0309
// 重构日志: e0e85d99
// 重构日志: 09f8ceb4
// 重构日志: aa1757bb
// 重构日志: 712bee3e
// 同步 ID: e71fd728 @ Tue Aug  4 12:36:36 UTC 2026
// 重构日志: 92ded9f9
// 同步 ID: 071fafd1 @ Wed Aug  5 12:38:04 UTC 2026
